File "array.mli", line 20, characters 24-28:
Warning: `make' returns a sut.

