File "lib.mli", line 19, characters 44-52:
Warning: unsupported old operator. The clause has not been translated

